2026-06-19 23:07:35.339 Uncaught app exception
Traceback (most recent call last):
  File "C:\Users\user\AppData\Roaming\Python\Python314\site-packages\pandas\core\indexes\base.py", line 3812, in get_loc
    return self._engine.get_loc(casted_key)
           ~~~~~~~~~~~~~~~~~~~~^^^^^^^^^^^^
  File "pandas/_libs/index.pyx", line 167, in pandas._libs.index.IndexEngine.get_loc
  File "pandas/_libs/index.pyx", line 196, in pandas._libs.index.IndexEngine.get_loc
  File "pandas/_libs/hashtable_class_helper.pxi", line 7088, in pandas._libs.hashtable.PyObjectHashTable.get_item
  File "pandas/_libs/hashtable_class_helper.pxi", line 7096, in pandas._libs.hashtable.PyObjectHashTable.get_item
KeyError: 'Liquidity_State'

The above exception was the direct cause of the following exception:

Traceback (most recent call last):
  File "C:\Users\user\AppData\Roaming\Python\Python314\site-packages\streamlit\runtime\scriptrunner\exec_code.py", line 88, in exec_func_with_error_handling
    result = func()
  File "C:\Users\user\AppData\Roaming\Python\Python314\site-packages\streamlit\runtime\scriptrunner\script_runner.py", line 579, in code_to_exec
    exec(code, module.__dict__)
    ~~~~^^^^^^^^^^^^^^^^^^^^^^^
  File "D:\Backtest\Makret-Bull-and-Bear-Trap\liquidity_dashboard_3.py", line 210, in <module>
    st.plotly_chart(make_overlay_chart(dashboard), use_container_width=True)
                    ~~~~~~~~~~~~~~~~~~^^^^^^^^^^^
  File "D:\Backtest\Makret-Bull-and-Bear-Trap\liquidity_dashboard_3.py", line 81, in make_overlay_chart
    mask = data["Liquidity_State"].eq(state)
           ~~~~^^^^^^^^^^^^^^^^^^^
  File "C:\Users\user\AppData\Roaming\Python\Python314\site-packages\pandas\core\frame.py", line 4113, in __getitem__
    indexer = self.columns.get_loc(key)
  File "C:\Users\user\AppData\Roaming\Python\Python314\site-packages\pandas\core\indexes\base.py", line 3819, in get_loc
    raise KeyError(key) from err
KeyError: 'Liquidity_State'
2026-06-19 23:08:11.826 Uncaught app exception
Traceback (most recent call last):
  File "C:\Users\user\AppData\Roaming\Python\Python314\site-packages\pandas\core\indexes\base.py", line 3812, in get_loc
    return self._engine.get_loc(casted_key)
           ~~~~~~~~~~~~~~~~~~~~^^^^^^^^^^^^
  File "pandas/_libs/index.pyx", line 167, in pandas._libs.index.IndexEngine.get_loc
  File "pandas/_libs/index.pyx", line 196, in pandas._libs.index.IndexEngine.get_loc
  File "pandas/_libs/hashtable_class_helper.pxi", line 7088, in pandas._libs.hashtable.PyObjectHashTable.get_item
  File "pandas/_libs/hashtable_class_helper.pxi", line 7096, in pandas._libs.hashtable.PyObjectHashTable.get_item
KeyError: 'Liquidity_State'

The above exception was the direct cause of the following exception:

Traceback (most recent call last):
  File "C:\Users\user\AppData\Roaming\Python\Python314\site-packages\streamlit\runtime\scriptrunner\exec_code.py", line 88, in exec_func_with_error_handling
    result = func()
  File "C:\Users\user\AppData\Roaming\Python\Python314\site-packages\streamlit\runtime\scriptrunner\script_runner.py", line 579, in code_to_exec
    exec(code, module.__dict__)
    ~~~~^^^^^^^^^^^^^^^^^^^^^^^
  File "D:\Backtest\Makret-Bull-and-Bear-Trap\liquidity_dashboard_3.py", line 216, in <module>
    st.plotly_chart(make_overlay_chart(dashboard), use_container_width=True)
                    ~~~~~~~~~~~~~~~~~~^^^^^^^^^^^
  File "D:\Backtest\Makret-Bull-and-Bear-Trap\liquidity_dashboard_3.py", line 81, in make_overlay_chart
    mask = data["Liquidity_State"].eq(state)
           ~~~~^^^^^^^^^^^^^^^^^^^
  File "C:\Users\user\AppData\Roaming\Python\Python314\site-packages\pandas\core\frame.py", line 4113, in __getitem__
    indexer = self.columns.get_loc(key)
  File "C:\Users\user\AppData\Roaming\Python\Python314\site-packages\pandas\core\indexes\base.py", line 3819, in get_loc
    raise KeyError(key) from err
KeyError: 'Liquidity_State'
2026-06-19 23:11:48.188 Uncaught app exception
Traceback (most recent call last):
  File "C:\Users\user\AppData\Roaming\Python\Python314\site-packages\pandas\core\indexes\base.py", line 3812, in get_loc
    return self._engine.get_loc(casted_key)
           ~~~~~~~~~~~~~~~~~~~~^^^^^^^^^^^^
  File "pandas/_libs/index.pyx", line 167, in pandas._libs.index.IndexEngine.get_loc
  File "pandas/_libs/index.pyx", line 196, in pandas._libs.index.IndexEngine.get_loc
  File "pandas/_libs/hashtable_class_helper.pxi", line 7088, in pandas._libs.hashtable.PyObjectHashTable.get_item
  File "pandas/_libs/hashtable_class_helper.pxi", line 7096, in pandas._libs.hashtable.PyObjectHashTable.get_item
KeyError: 'Liquidity_State'

The above exception was the direct cause of the following exception:

Traceback (most recent call last):
  File "C:\Users\user\AppData\Roaming\Python\Python314\site-packages\streamlit\runtime\scriptrunner\exec_code.py", line 88, in exec_func_with_error_handling
    result = func()
  File "C:\Users\user\AppData\Roaming\Python\Python314\site-packages\streamlit\runtime\scriptrunner\script_runner.py", line 579, in code_to_exec
    exec(code, module.__dict__)
    ~~~~^^^^^^^^^^^^^^^^^^^^^^^
  File "D:\Backtest\Makret-Bull-and-Bear-Trap\liquidity_dashboard_3.py", line 216, in <module>
    st.plotly_chart(make_overlay_chart(dashboard), use_container_width=True)
                    ~~~~~~~~~~~~~~~~~~^^^^^^^^^^^
  File "D:\Backtest\Makret-Bull-and-Bear-Trap\liquidity_dashboard_3.py", line 81, in make_overlay_chart
    mask = data["Liquidity_State"].eq(state)
           ~~~~^^^^^^^^^^^^^^^^^^^
  File "C:\Users\user\AppData\Roaming\Python\Python314\site-packages\pandas\core\frame.py", line 4113, in __getitem__
    indexer = self.columns.get_loc(key)
  File "C:\Users\user\AppData\Roaming\Python\Python314\site-packages\pandas\core\indexes\base.py", line 3819, in get_loc
    raise KeyError(key) from err
KeyError: 'Liquidity_State'
D:\Backtest\Makret-Bull-and-Bear-Trap\liquidity_dashboard_3.py:303: FutureWarning:

DataFrame.applymap has been deprecated. Use DataFrame.map instead.

D:\Backtest\Makret-Bull-and-Bear-Trap\liquidity_dashboard_3.py:303: FutureWarning:

DataFrame.applymap has been deprecated. Use DataFrame.map instead.

D:\Backtest\Makret-Bull-and-Bear-Trap\liquidity_dashboard_3.py:303: FutureWarning:

DataFrame.applymap has been deprecated. Use DataFrame.map instead.

D:\Backtest\Makret-Bull-and-Bear-Trap\liquidity_dashboard_3.py:303: FutureWarning:

DataFrame.applymap has been deprecated. Use DataFrame.map instead.

D:\Backtest\Makret-Bull-and-Bear-Trap\liquidity_dashboard_3.py:303: FutureWarning:

DataFrame.applymap has been deprecated. Use DataFrame.map instead.

D:\Backtest\Makret-Bull-and-Bear-Trap\liquidity_dashboard_3.py:303: FutureWarning:

DataFrame.applymap has been deprecated. Use DataFrame.map instead.

D:\Backtest\Makret-Bull-and-Bear-Trap\liquidity_dashboard_3.py:303: FutureWarning:

DataFrame.applymap has been deprecated. Use DataFrame.map instead.

D:\Backtest\Makret-Bull-and-Bear-Trap\liquidity_dashboard_3.py:457: FutureWarning:

DataFrame.applymap has been deprecated. Use DataFrame.map instead.

D:\Backtest\Makret-Bull-and-Bear-Trap\liquidity_dashboard_3.py:457: FutureWarning:

DataFrame.applymap has been deprecated. Use DataFrame.map instead.

D:\Backtest\Makret-Bull-and-Bear-Trap\liquidity_dashboard_3.py:457: FutureWarning:

DataFrame.applymap has been deprecated. Use DataFrame.map instead.

D:\Backtest\Makret-Bull-and-Bear-Trap\liquidity_dashboard_3.py:519: FutureWarning:

DataFrame.applymap has been deprecated. Use DataFrame.map instead.

D:\Backtest\Makret-Bull-and-Bear-Trap\liquidity_dashboard_3.py:519: FutureWarning:

DataFrame.applymap has been deprecated. Use DataFrame.map instead.

D:\Backtest\Makret-Bull-and-Bear-Trap\liquidity_dashboard_3.py:519: FutureWarning:

DataFrame.applymap has been deprecated. Use DataFrame.map instead.

D:\Backtest\Makret-Bull-and-Bear-Trap\liquidity_dashboard_3.py:595: FutureWarning:

DataFrame.applymap has been deprecated. Use DataFrame.map instead.

D:\Backtest\Makret-Bull-and-Bear-Trap\liquidity_dashboard_3.py:595: FutureWarning:

DataFrame.applymap has been deprecated. Use DataFrame.map instead.

D:\Backtest\Makret-Bull-and-Bear-Trap\liquidity_dashboard_3.py:595: FutureWarning:

DataFrame.applymap has been deprecated. Use DataFrame.map instead.

